app/blog/page.tsx(3,10): error TS2305: Module '"@/lib/utils"' has no exported member 'formatDate'.
